{"command":"moonc link-core ./target/wasm-gc/release/build/1/1.core ./target/wasm-gc/release/build/2/2.core -main moonbitlang/core/2 -o ./target/wasm-gc/release/build/2/2.wasm -pkg-config-path ./2/moon.pkg.json -pkg-sources moonbitlang/core/1:./1 -pkg-sources moonbitlang/core/2:./2 -target wasm-gc","inputs":["./target/wasm-gc/release/build/1/1.core","./target/wasm-gc/release/build/2/2.core"],"outputs":["./target/wasm-gc/release/build/2/2.wasm"]}
{"command":"moonc build-package ./2/lib.mbt -o ./target/wasm-gc/release/build/2/2.core -pkg moonbitlang/core/2 -i ./target/wasm-gc/release/build/1/1.mi:1 -pkg-sources moonbitlang/core/2:./2 -target wasm-gc -workspace-path .","inputs":["./2/lib.mbt","./target/wasm-gc/release/build/1/1.mi"],"outputs":["./target/wasm-gc/release/build/2/2.core","./target/wasm-gc/release/build/2/2.mi"]}
{"command":"moonc build-package ./1/lib.mbt ./1/x.wasm-gc.mbt -o ./target/wasm-gc/release/build/1/1.core -pkg moonbitlang/core/1 -pkg-sources moonbitlang/core/1:./1 -target wasm-gc -workspace-path .","inputs":["./1/lib.mbt","./1/x.wasm-gc.mbt"],"outputs":["./target/wasm-gc/release/build/1/1.core","./target/wasm-gc/release/build/1/1.mi"]}
{"command":"moonc link-core ./target/wasm-gc/release/build/1/1.core -main moonbitlang/core/1 -o ./target/wasm-gc/release/build/1/1.wasm -pkg-config-path ./1/moon.pkg.json -pkg-sources moonbitlang/core/1:./1 -target wasm-gc","inputs":["./target/wasm-gc/release/build/1/1.core"],"outputs":["./target/wasm-gc/release/build/1/1.wasm"]}
{"command":"moonc link-core ./target/wasm-gc/release/build/0/0.core -main moonbitlang/core/0 -o ./target/wasm-gc/release/build/0/0.wasm -pkg-config-path ./0/moon.pkg.json -pkg-sources moonbitlang/core/0:./0 -target wasm-gc","inputs":["./target/wasm-gc/release/build/0/0.core"],"outputs":["./target/wasm-gc/release/build/0/0.wasm"]}
{"command":"moonc build-package ./0/lib.mbt ./0/y.wasm-gc.mbt -o ./target/wasm-gc/release/build/0/0.core -pkg moonbitlang/core/0 -pkg-sources moonbitlang/core/0:./0 -target wasm-gc -workspace-path .","inputs":["./0/lib.mbt","./0/y.wasm-gc.mbt"],"outputs":["./target/wasm-gc/release/build/0/0.core","./target/wasm-gc/release/build/0/0.mi"]}
