{"command":"moonc build-package -o ./target/wasm-gc/release/bundle/char/char.core -pkg moonbitlang/core/char -i ./target/wasm-gc/release/bundle/coverage/coverage.mi:coverage -pkg-sources moonbitlang/core/char:./char -target wasm-gc -workspace-path .","inputs":["./target/wasm-gc/release/bundle/coverage/coverage.mi"],"outputs":["./target/wasm-gc/release/bundle/char/char.core","./target/wasm-gc/release/bundle/char/char.mi"]}
{"command":"moonc build-package -o ./target/wasm-gc/release/bundle/coverage/coverage.core -pkg moonbitlang/core/coverage -pkg-sources moonbitlang/core/coverage:./coverage -target wasm-gc -workspace-path .","inputs":[],"outputs":["./target/wasm-gc/release/bundle/coverage/coverage.core","./target/wasm-gc/release/bundle/coverage/coverage.mi"]}
{"command":"moonc build-package ./2/lib.mbt -o ./target/wasm-gc/release/bundle/2/2.core -pkg moonbitlang/core/2 -i ./target/wasm-gc/release/bundle/1/1.mi:1 -pkg-sources moonbitlang/core/2:./2 -target wasm-gc -workspace-path .","inputs":["./2/lib.mbt","./target/wasm-gc/release/bundle/1/1.mi"],"outputs":["./target/wasm-gc/release/bundle/2/2.core","./target/wasm-gc/release/bundle/2/2.mi"]}
{"command":"moonc build-package ./1/lib.mbt ./1/x.wasm-gc.mbt -o ./target/wasm-gc/release/bundle/1/1.core -pkg moonbitlang/core/1 -pkg-sources moonbitlang/core/1:./1 -target wasm-gc -workspace-path .","inputs":["./1/lib.mbt","./1/x.wasm-gc.mbt"],"outputs":["./target/wasm-gc/release/bundle/1/1.core","./target/wasm-gc/release/bundle/1/1.mi"]}
{"command":"moonc bundle-core ./target/wasm-gc/release/bundle/0/0.core ./target/wasm-gc/release/bundle/1/1.core ./target/wasm-gc/release/bundle/2/2.core ./target/wasm-gc/release/bundle/coverage/coverage.core ./target/wasm-gc/release/bundle/char/char.core ./target/wasm-gc/release/bundle/iter/iter.core ./target/wasm-gc/release/bundle/prelude/prelude.core -o ./target/wasm-gc/release/bundle/core.core","inputs":["./target/wasm-gc/release/bundle/0/0.core","./target/wasm-gc/release/bundle/1/1.core","./target/wasm-gc/release/bundle/2/2.core","./target/wasm-gc/release/bundle/coverage/coverage.core","./target/wasm-gc/release/bundle/char/char.core","./target/wasm-gc/release/bundle/iter/iter.core","./target/wasm-gc/release/bundle/prelude/prelude.core"],"outputs":["./target/wasm-gc/release/bundle/core.core"]}
{"command":"moonc build-package -o ./target/wasm-gc/release/bundle/prelude/prelude.core -pkg moonbitlang/core/prelude -pkg-sources moonbitlang/core/prelude:./prelude -target wasm-gc -workspace-path .","inputs":[],"outputs":["./target/wasm-gc/release/bundle/prelude/prelude.core","./target/wasm-gc/release/bundle/prelude/prelude.mi"]}
{"command":"moonc build-package -o ./target/wasm-gc/release/bundle/iter/iter.core -pkg moonbitlang/core/iter -i ./target/wasm-gc/release/bundle/coverage/coverage.mi:coverage -pkg-sources moonbitlang/core/iter:./iter -target wasm-gc -workspace-path .","inputs":["./target/wasm-gc/release/bundle/coverage/coverage.mi"],"outputs":["./target/wasm-gc/release/bundle/iter/iter.core","./target/wasm-gc/release/bundle/iter/iter.mi"]}
{"command":"moonc build-package ./0/lib.mbt ./0/y.wasm-gc.mbt -o ./target/wasm-gc/release/bundle/0/0.core -pkg moonbitlang/core/0 -pkg-sources moonbitlang/core/0:./0 -target wasm-gc -workspace-path .","inputs":["./0/lib.mbt","./0/y.wasm-gc.mbt"],"outputs":["./target/wasm-gc/release/bundle/0/0.core","./target/wasm-gc/release/bundle/0/0.mi"]}
