{"command":"moonc check -doctest-only ./2/lib.mbt -include-doctests -o ./target/js/release/check/2/2.blackbox_test.mi -pkg moonbitlang/core/2_blackbox_test -i ./target/js/release/check/1/1.mi:1 -i ./target/js/release/check/2/2.mi:2 -i ./target/js/release/check/prelude/prelude.mi:prelude -pkg-sources moonbitlang/core/2_blackbox_test:./2 -target js -blackbox-test -workspace-path .","inputs":["./2/lib.mbt","./target/js/release/check/1/1.mi","./target/js/release/check/2/2.mi","./target/js/release/check/prelude/prelude.mi"],"outputs":["./target/js/release/check/2/2.blackbox_test.mi"]}
{"command":"moonc check -o ./target/js/release/check/prelude/prelude.mi -pkg moonbitlang/core/prelude -pkg-sources moonbitlang/core/prelude:./prelude -target js -workspace-path .","inputs":[],"outputs":["./target/js/release/check/prelude/prelude.mi"]}
{"command":"moonc check ./2/lib.mbt -o ./target/js/release/check/2/2.mi -pkg moonbitlang/core/2 -i ./target/js/release/check/1/1.mi:1 -pkg-sources moonbitlang/core/2:./2 -target js -workspace-path .","inputs":["./2/lib.mbt","./target/js/release/check/1/1.mi"],"outputs":["./target/js/release/check/2/2.mi"]}
{"command":"moonc check ./1/lib.mbt ./1/x.js.mbt -o ./target/js/release/check/1/1.mi -pkg moonbitlang/core/1 -pkg-sources moonbitlang/core/1:./1 -target js -workspace-path .","inputs":["./1/lib.mbt","./1/x.js.mbt"],"outputs":["./target/js/release/check/1/1.mi"]}
{"command":"moonc check -include-doctests -o ./target/js/release/check/coverage/coverage.blackbox_test.mi -pkg moonbitlang/core/coverage_blackbox_test -i ./target/js/release/check/coverage/coverage.mi:coverage -i ./target/js/release/check/prelude/prelude.mi:prelude -pkg-sources moonbitlang/core/coverage_blackbox_test:./coverage -target js -blackbox-test -workspace-path .","inputs":["./target/js/release/check/coverage/coverage.mi","./target/js/release/check/prelude/prelude.mi"],"outputs":["./target/js/release/check/coverage/coverage.blackbox_test.mi"]}
{"command":"moonc check -o ./target/js/release/check/coverage/coverage.mi -pkg moonbitlang/core/coverage -pkg-sources moonbitlang/core/coverage:./coverage -target js -workspace-path .","inputs":[],"outputs":["./target/js/release/check/coverage/coverage.mi"]}
{"command":"moonc check -include-doctests -o ./target/js/release/check/char/char.blackbox_test.mi -pkg moonbitlang/core/char_blackbox_test -i ./target/js/release/check/char/char.mi:char -i ./target/js/release/check/coverage/coverage.mi:coverage -i ./target/js/release/check/prelude/prelude.mi:prelude -pkg-sources moonbitlang/core/char_blackbox_test:./char -target js -blackbox-test -workspace-path .","inputs":["./target/js/release/check/char/char.mi","./target/js/release/check/coverage/coverage.mi","./target/js/release/check/prelude/prelude.mi"],"outputs":["./target/js/release/check/char/char.blackbox_test.mi"]}
{"command":"moonc check -o ./target/js/release/check/char/char.mi -pkg moonbitlang/core/char -i ./target/js/release/check/coverage/coverage.mi:coverage -pkg-sources moonbitlang/core/char:./char -target js -workspace-path .","inputs":["./target/js/release/check/coverage/coverage.mi"],"outputs":["./target/js/release/check/char/char.mi"]}
{"command":"moonc check -doctest-only ./1/lib.mbt -doctest-only ./1/x.js.mbt -include-doctests -o ./target/js/release/check/1/1.blackbox_test.mi -pkg moonbitlang/core/1_blackbox_test -i ./target/js/release/check/1/1.mi:1 -i ./target/js/release/check/prelude/prelude.mi:prelude -pkg-sources moonbitlang/core/1_blackbox_test:./1 -target js -blackbox-test -workspace-path .","inputs":["./1/lib.mbt","./1/x.js.mbt","./target/js/release/check/1/1.mi","./target/js/release/check/prelude/prelude.mi"],"outputs":["./target/js/release/check/1/1.blackbox_test.mi"]}
{"command":"moonc check ./1/lib.mbt ./1/x.js.mbt -o ./target/js/release/check/1/1.whitebox_test.mi -pkg moonbitlang/core/1 -pkg-sources moonbitlang/core/1:./1 -target js -whitebox-test -workspace-path .","inputs":["./1/lib.mbt","./1/x.js.mbt"],"outputs":["./target/js/release/check/1/1.whitebox_test.mi"]}
{"command":"moonc check -doctest-only ./0/lib.mbt -doctest-only ./0/y.js.mbt -include-doctests -o ./target/js/release/check/0/0.blackbox_test.mi -pkg moonbitlang/core/0_blackbox_test -i ./target/js/release/check/0/0.mi:0 -i ./target/js/release/check/prelude/prelude.mi:prelude -pkg-sources moonbitlang/core/0_blackbox_test:./0 -target js -blackbox-test -workspace-path .","inputs":["./0/lib.mbt","./0/y.js.mbt","./target/js/release/check/0/0.mi","./target/js/release/check/prelude/prelude.mi"],"outputs":["./target/js/release/check/0/0.blackbox_test.mi"]}
{"command":"moonc check ./0/lib.mbt ./0/y.js.mbt -o ./target/js/release/check/0/0.mi -pkg moonbitlang/core/0 -pkg-sources moonbitlang/core/0:./0 -target js -workspace-path .","inputs":["./0/lib.mbt","./0/y.js.mbt"],"outputs":["./target/js/release/check/0/0.mi"]}
{"command":"moonc check ./0/lib.mbt ./0/y.js.mbt ./0/y_wbtest.js.mbt ./0/y_wbtest.mbt -o ./target/js/release/check/0/0.whitebox_test.mi -pkg moonbitlang/core/0 -pkg-sources moonbitlang/core/0:./0 -target js -whitebox-test -workspace-path .","inputs":["./0/lib.mbt","./0/y.js.mbt","./0/y_wbtest.js.mbt","./0/y_wbtest.mbt"],"outputs":["./target/js/release/check/0/0.whitebox_test.mi"]}
{"command":"moonc check -include-doctests -o ./target/js/release/check/prelude/prelude.blackbox_test.mi -pkg moonbitlang/core/prelude_blackbox_test -i ./target/js/release/check/prelude/prelude.mi:prelude -pkg-sources moonbitlang/core/prelude_blackbox_test:./prelude -target js -blackbox-test -workspace-path .","inputs":["./target/js/release/check/prelude/prelude.mi"],"outputs":["./target/js/release/check/prelude/prelude.blackbox_test.mi"]}
{"command":"moonc check -include-doctests -o ./target/js/release/check/iter/iter.blackbox_test.mi -pkg moonbitlang/core/iter_blackbox_test -i ./target/js/release/check/coverage/coverage.mi:coverage -i ./target/js/release/check/iter/iter.mi:iter -i ./target/js/release/check/prelude/prelude.mi:prelude -pkg-sources moonbitlang/core/iter_blackbox_test:./iter -target js -blackbox-test -workspace-path .","inputs":["./target/js/release/check/coverage/coverage.mi","./target/js/release/check/iter/iter.mi","./target/js/release/check/prelude/prelude.mi"],"outputs":["./target/js/release/check/iter/iter.blackbox_test.mi"]}
{"command":"moonc check -o ./target/js/release/check/iter/iter.mi -pkg moonbitlang/core/iter -i ./target/js/release/check/coverage/coverage.mi:coverage -pkg-sources moonbitlang/core/iter:./iter -target js -workspace-path .","inputs":["./target/js/release/check/coverage/coverage.mi"],"outputs":["./target/js/release/check/iter/iter.mi"]}
