{"command":"moonc link-core ./target/wasm-gc/debug/test/prelude/prelude.core ./target/wasm-gc/debug/test/prelude/prelude.blackbox_test.core -main moonbitlang/core/prelude_blackbox_test -o ./target/wasm-gc/debug/test/prelude/prelude.blackbox_test.wasm -test-mode -pkg-config-path ./prelude/moon.pkg.json -pkg-sources moonbitlang/core/prelude:./prelude -pkg-sources moonbitlang/core/prelude_blackbox_test:./prelude -exported_functions moonbit_test_driver_internal_execute,moonbit_test_driver_finish -target wasm-gc -g -O0 -source-map","inputs":["./target/wasm-gc/debug/test/prelude/prelude.core","./target/wasm-gc/debug/test/prelude/prelude.blackbox_test.core"],"outputs":["./target/wasm-gc/debug/test/prelude/prelude.blackbox_test.wasm"]}
{"command":"moonc build-package ./target/wasm-gc/debug/test/prelude/__generated_driver_for_blackbox_test.mbt -o ./target/wasm-gc/debug/test/prelude/prelude.blackbox_test.core -pkg moonbitlang/core/prelude_blackbox_test -is-main -i ./target/wasm-gc/debug/test/prelude/prelude.mi:prelude -pkg-sources moonbitlang/core/prelude_blackbox_test:./prelude -target wasm-gc -g -O0 -source-map -blackbox-test -include-doctests -no-mi -test-mode -workspace-path .","inputs":["./target/wasm-gc/debug/test/prelude/__generated_driver_for_blackbox_test.mbt","./target/wasm-gc/debug/test/prelude/prelude.mi"],"outputs":["./target/wasm-gc/debug/test/prelude/prelude.blackbox_test.core"]}
{"command":"moonc build-package -o ./target/wasm-gc/debug/test/prelude/prelude.core -pkg moonbitlang/core/prelude -pkg-sources moonbitlang/core/prelude:./prelude -target wasm-gc -g -O0 -source-map -workspace-path .","inputs":[],"outputs":["./target/wasm-gc/debug/test/prelude/prelude.core","./target/wasm-gc/debug/test/prelude/prelude.mi"]}
{"command":"/home/rynco/Projects/moonbuild-forks/working/target/debug/moon generate-test-driver --output-driver ./target/wasm-gc/debug/test/prelude/__generated_driver_for_blackbox_test.mbt --output-metadata ./target/wasm-gc/debug/test/prelude/__blackbox_test_info.json --target wasm-gc --pkg-name moonbitlang/core/prelude --driver-kind blackbox","inputs":[],"outputs":["./target/wasm-gc/debug/test/prelude/__generated_driver_for_blackbox_test.mbt","./target/wasm-gc/debug/test/prelude/__blackbox_test_info.json"]}
{"command":"moonc link-core ./target/wasm-gc/debug/test/prelude/prelude.internal_test.core -main moonbitlang/core/prelude -o ./target/wasm-gc/debug/test/prelude/prelude.internal_test.wasm -test-mode -pkg-config-path ./prelude/moon.pkg.json -pkg-sources moonbitlang/core/prelude:./prelude -exported_functions moonbit_test_driver_internal_execute,moonbit_test_driver_finish -target wasm-gc -g -O0 -source-map","inputs":["./target/wasm-gc/debug/test/prelude/prelude.internal_test.core"],"outputs":["./target/wasm-gc/debug/test/prelude/prelude.internal_test.wasm"]}
{"command":"moonc build-package ./target/wasm-gc/debug/test/prelude/__generated_driver_for_internal_test.mbt -o ./target/wasm-gc/debug/test/prelude/prelude.internal_test.core -pkg moonbitlang/core/prelude -is-main -pkg-sources moonbitlang/core/prelude:./prelude -target wasm-gc -g -O0 -source-map -no-mi -test-mode -workspace-path .","inputs":["./target/wasm-gc/debug/test/prelude/__generated_driver_for_internal_test.mbt"],"outputs":["./target/wasm-gc/debug/test/prelude/prelude.internal_test.core"]}
{"command":"/home/rynco/Projects/moonbuild-forks/working/target/debug/moon generate-test-driver --output-driver ./target/wasm-gc/debug/test/prelude/__generated_driver_for_internal_test.mbt --output-metadata ./target/wasm-gc/debug/test/prelude/__internal_test_info.json --target wasm-gc --pkg-name moonbitlang/core/prelude --driver-kind internal","inputs":[],"outputs":["./target/wasm-gc/debug/test/prelude/__generated_driver_for_internal_test.mbt","./target/wasm-gc/debug/test/prelude/__internal_test_info.json"]}
{"command":"moonc link-core ./target/wasm-gc/debug/test/coverage/coverage.core ./target/wasm-gc/debug/test/prelude/prelude.core ./target/wasm-gc/debug/test/iter/iter.core ./target/wasm-gc/debug/test/iter/iter.blackbox_test.core -main moonbitlang/core/iter_blackbox_test -o ./target/wasm-gc/debug/test/iter/iter.blackbox_test.wasm -test-mode -pkg-config-path ./iter/moon.pkg.json -pkg-sources moonbitlang/core/coverage:./coverage -pkg-sources moonbitlang/core/prelude:./prelude -pkg-sources moonbitlang/core/iter:./iter -pkg-sources moonbitlang/core/iter_blackbox_test:./iter -exported_functions moonbit_test_driver_internal_execute,moonbit_test_driver_finish -target wasm-gc -g -O0 -source-map","inputs":["./target/wasm-gc/debug/test/coverage/coverage.core","./target/wasm-gc/debug/test/prelude/prelude.core","./target/wasm-gc/debug/test/iter/iter.core","./target/wasm-gc/debug/test/iter/iter.blackbox_test.core"],"outputs":["./target/wasm-gc/debug/test/iter/iter.blackbox_test.wasm"]}
{"command":"moonc build-package ./target/wasm-gc/debug/test/iter/__generated_driver_for_blackbox_test.mbt -o ./target/wasm-gc/debug/test/iter/iter.blackbox_test.core -pkg moonbitlang/core/iter_blackbox_test -is-main -i ./target/wasm-gc/debug/test/iter/iter.mi:iter -i ./target/wasm-gc/debug/test/coverage/coverage.mi:coverage -i ./target/wasm-gc/debug/test/prelude/prelude.mi:prelude -pkg-sources moonbitlang/core/iter_blackbox_test:./iter -target wasm-gc -g -O0 -source-map -blackbox-test -include-doctests -no-mi -test-mode -workspace-path .","inputs":["./target/wasm-gc/debug/test/iter/__generated_driver_for_blackbox_test.mbt","./target/wasm-gc/debug/test/iter/iter.mi","./target/wasm-gc/debug/test/coverage/coverage.mi","./target/wasm-gc/debug/test/prelude/prelude.mi"],"outputs":["./target/wasm-gc/debug/test/iter/iter.blackbox_test.core"]}
{"command":"moonc build-package -o ./target/wasm-gc/debug/test/coverage/coverage.core -pkg moonbitlang/core/coverage -pkg-sources moonbitlang/core/coverage:./coverage -target wasm-gc -g -O0 -source-map -workspace-path .","inputs":[],"outputs":["./target/wasm-gc/debug/test/coverage/coverage.core","./target/wasm-gc/debug/test/coverage/coverage.mi"]}
{"command":"moonc build-package -o ./target/wasm-gc/debug/test/iter/iter.core -pkg moonbitlang/core/iter -i ./target/wasm-gc/debug/test/coverage/coverage.mi:coverage -pkg-sources moonbitlang/core/iter:./iter -target wasm-gc -g -O0 -source-map -workspace-path .","inputs":["./target/wasm-gc/debug/test/coverage/coverage.mi"],"outputs":["./target/wasm-gc/debug/test/iter/iter.core","./target/wasm-gc/debug/test/iter/iter.mi"]}
{"command":"/home/rynco/Projects/moonbuild-forks/working/target/debug/moon generate-test-driver --output-driver ./target/wasm-gc/debug/test/iter/__generated_driver_for_blackbox_test.mbt --output-metadata ./target/wasm-gc/debug/test/iter/__blackbox_test_info.json --target wasm-gc --pkg-name moonbitlang/core/iter --driver-kind blackbox","inputs":[],"outputs":["./target/wasm-gc/debug/test/iter/__generated_driver_for_blackbox_test.mbt","./target/wasm-gc/debug/test/iter/__blackbox_test_info.json"]}
{"command":"moonc link-core ./target/wasm-gc/debug/test/coverage/coverage.core ./target/wasm-gc/debug/test/iter/iter.internal_test.core -main moonbitlang/core/iter -o ./target/wasm-gc/debug/test/iter/iter.internal_test.wasm -test-mode -pkg-config-path ./iter/moon.pkg.json -pkg-sources moonbitlang/core/coverage:./coverage -pkg-sources moonbitlang/core/iter:./iter -exported_functions moonbit_test_driver_internal_execute,moonbit_test_driver_finish -target wasm-gc -g -O0 -source-map","inputs":["./target/wasm-gc/debug/test/coverage/coverage.core","./target/wasm-gc/debug/test/iter/iter.internal_test.core"],"outputs":["./target/wasm-gc/debug/test/iter/iter.internal_test.wasm"]}
{"command":"moonc build-package ./target/wasm-gc/debug/test/iter/__generated_driver_for_internal_test.mbt -o ./target/wasm-gc/debug/test/iter/iter.internal_test.core -pkg moonbitlang/core/iter -is-main -i ./target/wasm-gc/debug/test/coverage/coverage.mi:coverage -pkg-sources moonbitlang/core/iter:./iter -target wasm-gc -g -O0 -source-map -no-mi -test-mode -workspace-path .","inputs":["./target/wasm-gc/debug/test/iter/__generated_driver_for_internal_test.mbt","./target/wasm-gc/debug/test/coverage/coverage.mi"],"outputs":["./target/wasm-gc/debug/test/iter/iter.internal_test.core"]}
{"command":"/home/rynco/Projects/moonbuild-forks/working/target/debug/moon generate-test-driver --output-driver ./target/wasm-gc/debug/test/iter/__generated_driver_for_internal_test.mbt --output-metadata ./target/wasm-gc/debug/test/iter/__internal_test_info.json --target wasm-gc --pkg-name moonbitlang/core/iter --driver-kind internal","inputs":[],"outputs":["./target/wasm-gc/debug/test/iter/__generated_driver_for_internal_test.mbt","./target/wasm-gc/debug/test/iter/__internal_test_info.json"]}
{"command":"moonc link-core ./target/wasm-gc/debug/test/prelude/prelude.core ./target/wasm-gc/debug/test/coverage/coverage.core ./target/wasm-gc/debug/test/coverage/coverage.blackbox_test.core -main moonbitlang/core/coverage_blackbox_test -o ./target/wasm-gc/debug/test/coverage/coverage.blackbox_test.wasm -test-mode -pkg-config-path ./coverage/moon.pkg.json -pkg-sources moonbitlang/core/prelude:./prelude -pkg-sources moonbitlang/core/coverage:./coverage -pkg-sources moonbitlang/core/coverage_blackbox_test:./coverage -exported_functions moonbit_test_driver_internal_execute,moonbit_test_driver_finish -target wasm-gc -g -O0 -source-map","inputs":["./target/wasm-gc/debug/test/prelude/prelude.core","./target/wasm-gc/debug/test/coverage/coverage.core","./target/wasm-gc/debug/test/coverage/coverage.blackbox_test.core"],"outputs":["./target/wasm-gc/debug/test/coverage/coverage.blackbox_test.wasm"]}
{"command":"moonc build-package ./target/wasm-gc/debug/test/coverage/__generated_driver_for_blackbox_test.mbt -o ./target/wasm-gc/debug/test/coverage/coverage.blackbox_test.core -pkg moonbitlang/core/coverage_blackbox_test -is-main -i ./target/wasm-gc/debug/test/coverage/coverage.mi:coverage -i ./target/wasm-gc/debug/test/prelude/prelude.mi:prelude -pkg-sources moonbitlang/core/coverage_blackbox_test:./coverage -target wasm-gc -g -O0 -source-map -blackbox-test -include-doctests -no-mi -test-mode -workspace-path .","inputs":["./target/wasm-gc/debug/test/coverage/__generated_driver_for_blackbox_test.mbt","./target/wasm-gc/debug/test/coverage/coverage.mi","./target/wasm-gc/debug/test/prelude/prelude.mi"],"outputs":["./target/wasm-gc/debug/test/coverage/coverage.blackbox_test.core"]}
{"command":"/home/rynco/Projects/moonbuild-forks/working/target/debug/moon generate-test-driver --output-driver ./target/wasm-gc/debug/test/coverage/__generated_driver_for_blackbox_test.mbt --output-metadata ./target/wasm-gc/debug/test/coverage/__blackbox_test_info.json --target wasm-gc --pkg-name moonbitlang/core/coverage --driver-kind blackbox","inputs":[],"outputs":["./target/wasm-gc/debug/test/coverage/__generated_driver_for_blackbox_test.mbt","./target/wasm-gc/debug/test/coverage/__blackbox_test_info.json"]}
{"command":"moonc link-core ./target/wasm-gc/debug/test/coverage/coverage.internal_test.core -main moonbitlang/core/coverage -o ./target/wasm-gc/debug/test/coverage/coverage.internal_test.wasm -test-mode -pkg-config-path ./coverage/moon.pkg.json -pkg-sources moonbitlang/core/coverage:./coverage -exported_functions moonbit_test_driver_internal_execute,moonbit_test_driver_finish -target wasm-gc -g -O0 -source-map","inputs":["./target/wasm-gc/debug/test/coverage/coverage.internal_test.core"],"outputs":["./target/wasm-gc/debug/test/coverage/coverage.internal_test.wasm"]}
{"command":"moonc build-package ./target/wasm-gc/debug/test/coverage/__generated_driver_for_internal_test.mbt -o ./target/wasm-gc/debug/test/coverage/coverage.internal_test.core -pkg moonbitlang/core/coverage -is-main -pkg-sources moonbitlang/core/coverage:./coverage -target wasm-gc -g -O0 -source-map -no-mi -test-mode -workspace-path .","inputs":["./target/wasm-gc/debug/test/coverage/__generated_driver_for_internal_test.mbt"],"outputs":["./target/wasm-gc/debug/test/coverage/coverage.internal_test.core"]}
{"command":"/home/rynco/Projects/moonbuild-forks/working/target/debug/moon generate-test-driver --output-driver ./target/wasm-gc/debug/test/coverage/__generated_driver_for_internal_test.mbt --output-metadata ./target/wasm-gc/debug/test/coverage/__internal_test_info.json --target wasm-gc --pkg-name moonbitlang/core/coverage --driver-kind internal","inputs":[],"outputs":["./target/wasm-gc/debug/test/coverage/__generated_driver_for_internal_test.mbt","./target/wasm-gc/debug/test/coverage/__internal_test_info.json"]}
{"command":"moonc link-core ./target/wasm-gc/debug/test/coverage/coverage.core ./target/wasm-gc/debug/test/prelude/prelude.core ./target/wasm-gc/debug/test/char/char.core ./target/wasm-gc/debug/test/char/char.blackbox_test.core -main moonbitlang/core/char_blackbox_test -o ./target/wasm-gc/debug/test/char/char.blackbox_test.wasm -test-mode -pkg-config-path ./char/moon.pkg.json -pkg-sources moonbitlang/core/coverage:./coverage -pkg-sources moonbitlang/core/prelude:./prelude -pkg-sources moonbitlang/core/char:./char -pkg-sources moonbitlang/core/char_blackbox_test:./char -exported_functions moonbit_test_driver_internal_execute,moonbit_test_driver_finish -target wasm-gc -g -O0 -source-map","inputs":["./target/wasm-gc/debug/test/coverage/coverage.core","./target/wasm-gc/debug/test/prelude/prelude.core","./target/wasm-gc/debug/test/char/char.core","./target/wasm-gc/debug/test/char/char.blackbox_test.core"],"outputs":["./target/wasm-gc/debug/test/char/char.blackbox_test.wasm"]}
{"command":"moonc build-package ./target/wasm-gc/debug/test/char/__generated_driver_for_blackbox_test.mbt -o ./target/wasm-gc/debug/test/char/char.blackbox_test.core -pkg moonbitlang/core/char_blackbox_test -is-main -i ./target/wasm-gc/debug/test/char/char.mi:char -i ./target/wasm-gc/debug/test/coverage/coverage.mi:coverage -i ./target/wasm-gc/debug/test/prelude/prelude.mi:prelude -pkg-sources moonbitlang/core/char_blackbox_test:./char -target wasm-gc -g -O0 -source-map -blackbox-test -include-doctests -no-mi -test-mode -workspace-path .","inputs":["./target/wasm-gc/debug/test/char/__generated_driver_for_blackbox_test.mbt","./target/wasm-gc/debug/test/char/char.mi","./target/wasm-gc/debug/test/coverage/coverage.mi","./target/wasm-gc/debug/test/prelude/prelude.mi"],"outputs":["./target/wasm-gc/debug/test/char/char.blackbox_test.core"]}
{"command":"moonc build-package -o ./target/wasm-gc/debug/test/char/char.core -pkg moonbitlang/core/char -i ./target/wasm-gc/debug/test/coverage/coverage.mi:coverage -pkg-sources moonbitlang/core/char:./char -target wasm-gc -g -O0 -source-map -workspace-path .","inputs":["./target/wasm-gc/debug/test/coverage/coverage.mi"],"outputs":["./target/wasm-gc/debug/test/char/char.core","./target/wasm-gc/debug/test/char/char.mi"]}
{"command":"/home/rynco/Projects/moonbuild-forks/working/target/debug/moon generate-test-driver --output-driver ./target/wasm-gc/debug/test/char/__generated_driver_for_blackbox_test.mbt --output-metadata ./target/wasm-gc/debug/test/char/__blackbox_test_info.json --target wasm-gc --pkg-name moonbitlang/core/char --driver-kind blackbox","inputs":[],"outputs":["./target/wasm-gc/debug/test/char/__generated_driver_for_blackbox_test.mbt","./target/wasm-gc/debug/test/char/__blackbox_test_info.json"]}
{"command":"moonc link-core ./target/wasm-gc/debug/test/coverage/coverage.core ./target/wasm-gc/debug/test/char/char.internal_test.core -main moonbitlang/core/char -o ./target/wasm-gc/debug/test/char/char.internal_test.wasm -test-mode -pkg-config-path ./char/moon.pkg.json -pkg-sources moonbitlang/core/coverage:./coverage -pkg-sources moonbitlang/core/char:./char -exported_functions moonbit_test_driver_internal_execute,moonbit_test_driver_finish -target wasm-gc -g -O0 -source-map","inputs":["./target/wasm-gc/debug/test/coverage/coverage.core","./target/wasm-gc/debug/test/char/char.internal_test.core"],"outputs":["./target/wasm-gc/debug/test/char/char.internal_test.wasm"]}
{"command":"moonc build-package ./target/wasm-gc/debug/test/char/__generated_driver_for_internal_test.mbt -o ./target/wasm-gc/debug/test/char/char.internal_test.core -pkg moonbitlang/core/char -is-main -i ./target/wasm-gc/debug/test/coverage/coverage.mi:coverage -pkg-sources moonbitlang/core/char:./char -target wasm-gc -g -O0 -source-map -no-mi -test-mode -workspace-path .","inputs":["./target/wasm-gc/debug/test/char/__generated_driver_for_internal_test.mbt","./target/wasm-gc/debug/test/coverage/coverage.mi"],"outputs":["./target/wasm-gc/debug/test/char/char.internal_test.core"]}
{"command":"/home/rynco/Projects/moonbuild-forks/working/target/debug/moon generate-test-driver --output-driver ./target/wasm-gc/debug/test/char/__generated_driver_for_internal_test.mbt --output-metadata ./target/wasm-gc/debug/test/char/__internal_test_info.json --target wasm-gc --pkg-name moonbitlang/core/char --driver-kind internal","inputs":[],"outputs":["./target/wasm-gc/debug/test/char/__generated_driver_for_internal_test.mbt","./target/wasm-gc/debug/test/char/__internal_test_info.json"]}
{"command":"moonc link-core ./target/wasm-gc/debug/test/1/1.core ./target/wasm-gc/debug/test/prelude/prelude.core ./target/wasm-gc/debug/test/2/2.core ./target/wasm-gc/debug/test/2/2.blackbox_test.core -main moonbitlang/core/2_blackbox_test -o ./target/wasm-gc/debug/test/2/2.blackbox_test.wasm -test-mode -pkg-config-path ./2/moon.pkg.json -pkg-sources moonbitlang/core/1:./1 -pkg-sources moonbitlang/core/prelude:./prelude -pkg-sources moonbitlang/core/2:./2 -pkg-sources moonbitlang/core/2_blackbox_test:./2 -exported_functions moonbit_test_driver_internal_execute,moonbit_test_driver_finish -target wasm-gc -g -O0 -source-map","inputs":["./target/wasm-gc/debug/test/1/1.core","./target/wasm-gc/debug/test/prelude/prelude.core","./target/wasm-gc/debug/test/2/2.core","./target/wasm-gc/debug/test/2/2.blackbox_test.core"],"outputs":["./target/wasm-gc/debug/test/2/2.blackbox_test.wasm"]}
{"command":"moonc build-package ./target/wasm-gc/debug/test/2/__generated_driver_for_blackbox_test.mbt -doctest-only ./2/lib.mbt -o ./target/wasm-gc/debug/test/2/2.blackbox_test.core -pkg moonbitlang/core/2_blackbox_test -is-main -i ./target/wasm-gc/debug/test/2/2.mi:2 -i ./target/wasm-gc/debug/test/1/1.mi:1 -i ./target/wasm-gc/debug/test/prelude/prelude.mi:prelude -pkg-sources moonbitlang/core/2_blackbox_test:./2 -target wasm-gc -g -O0 -source-map -blackbox-test -include-doctests -no-mi -test-mode -workspace-path .","inputs":["./target/wasm-gc/debug/test/2/__generated_driver_for_blackbox_test.mbt","./2/lib.mbt","./target/wasm-gc/debug/test/2/2.mi","./target/wasm-gc/debug/test/1/1.mi","./target/wasm-gc/debug/test/prelude/prelude.mi"],"outputs":["./target/wasm-gc/debug/test/2/2.blackbox_test.core"]}
{"command":"moonc build-package ./1/lib.mbt ./1/x.wasm-gc.mbt -o ./target/wasm-gc/debug/test/1/1.core -pkg moonbitlang/core/1 -pkg-sources moonbitlang/core/1:./1 -target wasm-gc -g -O0 -source-map -workspace-path .","inputs":["./1/lib.mbt","./1/x.wasm-gc.mbt"],"outputs":["./target/wasm-gc/debug/test/1/1.core","./target/wasm-gc/debug/test/1/1.mi"]}
{"command":"moonc build-package ./2/lib.mbt -o ./target/wasm-gc/debug/test/2/2.core -pkg moonbitlang/core/2 -i ./target/wasm-gc/debug/test/1/1.mi:1 -pkg-sources moonbitlang/core/2:./2 -target wasm-gc -g -O0 -source-map -workspace-path .","inputs":["./2/lib.mbt","./target/wasm-gc/debug/test/1/1.mi"],"outputs":["./target/wasm-gc/debug/test/2/2.core","./target/wasm-gc/debug/test/2/2.mi"]}
{"command":"/home/rynco/Projects/moonbuild-forks/working/target/debug/moon generate-test-driver --output-driver ./target/wasm-gc/debug/test/2/__generated_driver_for_blackbox_test.mbt --output-metadata ./target/wasm-gc/debug/test/2/__blackbox_test_info.json --doctest-only ./2/lib.mbt --target wasm-gc --pkg-name moonbitlang/core/2 --driver-kind blackbox","inputs":["./2/lib.mbt"],"outputs":["./target/wasm-gc/debug/test/2/__generated_driver_for_blackbox_test.mbt","./target/wasm-gc/debug/test/2/__blackbox_test_info.json"]}
{"command":"moonc link-core ./target/wasm-gc/debug/test/1/1.core ./target/wasm-gc/debug/test/2/2.internal_test.core -main moonbitlang/core/2 -o ./target/wasm-gc/debug/test/2/2.internal_test.wasm -test-mode -pkg-config-path ./2/moon.pkg.json -pkg-sources moonbitlang/core/1:./1 -pkg-sources moonbitlang/core/2:./2 -exported_functions moonbit_test_driver_internal_execute,moonbit_test_driver_finish -target wasm-gc -g -O0 -source-map","inputs":["./target/wasm-gc/debug/test/1/1.core","./target/wasm-gc/debug/test/2/2.internal_test.core"],"outputs":["./target/wasm-gc/debug/test/2/2.internal_test.wasm"]}
{"command":"moonc build-package ./2/lib.mbt ./target/wasm-gc/debug/test/2/__generated_driver_for_internal_test.mbt -o ./target/wasm-gc/debug/test/2/2.internal_test.core -pkg moonbitlang/core/2 -is-main -i ./target/wasm-gc/debug/test/1/1.mi:1 -pkg-sources moonbitlang/core/2:./2 -target wasm-gc -g -O0 -source-map -no-mi -test-mode -workspace-path .","inputs":["./2/lib.mbt","./target/wasm-gc/debug/test/2/__generated_driver_for_internal_test.mbt","./target/wasm-gc/debug/test/1/1.mi"],"outputs":["./target/wasm-gc/debug/test/2/2.internal_test.core"]}
{"command":"/home/rynco/Projects/moonbuild-forks/working/target/debug/moon generate-test-driver --output-driver ./target/wasm-gc/debug/test/2/__generated_driver_for_internal_test.mbt --output-metadata ./target/wasm-gc/debug/test/2/__internal_test_info.json ./2/lib.mbt --target wasm-gc --pkg-name moonbitlang/core/2 --driver-kind internal","inputs":["./2/lib.mbt"],"outputs":["./target/wasm-gc/debug/test/2/__generated_driver_for_internal_test.mbt","./target/wasm-gc/debug/test/2/__internal_test_info.json"]}
{"command":"moonc link-core ./target/wasm-gc/debug/test/prelude/prelude.core ./target/wasm-gc/debug/test/1/1.core ./target/wasm-gc/debug/test/1/1.blackbox_test.core -main moonbitlang/core/1_blackbox_test -o ./target/wasm-gc/debug/test/1/1.blackbox_test.wasm -test-mode -pkg-config-path ./1/moon.pkg.json -pkg-sources moonbitlang/core/prelude:./prelude -pkg-sources moonbitlang/core/1:./1 -pkg-sources moonbitlang/core/1_blackbox_test:./1 -exported_functions moonbit_test_driver_internal_execute,moonbit_test_driver_finish -target wasm-gc -g -O0 -source-map","inputs":["./target/wasm-gc/debug/test/prelude/prelude.core","./target/wasm-gc/debug/test/1/1.core","./target/wasm-gc/debug/test/1/1.blackbox_test.core"],"outputs":["./target/wasm-gc/debug/test/1/1.blackbox_test.wasm"]}
{"command":"moonc build-package ./target/wasm-gc/debug/test/1/__generated_driver_for_blackbox_test.mbt -doctest-only ./1/lib.mbt -doctest-only ./1/x.wasm-gc.mbt -o ./target/wasm-gc/debug/test/1/1.blackbox_test.core -pkg moonbitlang/core/1_blackbox_test -is-main -i ./target/wasm-gc/debug/test/1/1.mi:1 -i ./target/wasm-gc/debug/test/prelude/prelude.mi:prelude -pkg-sources moonbitlang/core/1_blackbox_test:./1 -target wasm-gc -g -O0 -source-map -blackbox-test -include-doctests -no-mi -test-mode -workspace-path .","inputs":["./target/wasm-gc/debug/test/1/__generated_driver_for_blackbox_test.mbt","./1/lib.mbt","./1/x.wasm-gc.mbt","./target/wasm-gc/debug/test/1/1.mi","./target/wasm-gc/debug/test/prelude/prelude.mi"],"outputs":["./target/wasm-gc/debug/test/1/1.blackbox_test.core"]}
{"command":"/home/rynco/Projects/moonbuild-forks/working/target/debug/moon generate-test-driver --output-driver ./target/wasm-gc/debug/test/1/__generated_driver_for_blackbox_test.mbt --output-metadata ./target/wasm-gc/debug/test/1/__blackbox_test_info.json --doctest-only ./1/lib.mbt --doctest-only ./1/x.wasm-gc.mbt --target wasm-gc --pkg-name moonbitlang/core/1 --driver-kind blackbox","inputs":["./1/lib.mbt","./1/x.wasm-gc.mbt"],"outputs":["./target/wasm-gc/debug/test/1/__generated_driver_for_blackbox_test.mbt","./target/wasm-gc/debug/test/1/__blackbox_test_info.json"]}
{"command":"moonc link-core ./target/wasm-gc/debug/test/1/1.whitebox_test.core -main moonbitlang/core/1 -o ./target/wasm-gc/debug/test/1/1.whitebox_test.wasm -test-mode -pkg-config-path ./1/moon.pkg.json -pkg-sources moonbitlang/core/1:./1 -exported_functions moonbit_test_driver_internal_execute,moonbit_test_driver_finish -target wasm-gc -g -O0 -source-map","inputs":["./target/wasm-gc/debug/test/1/1.whitebox_test.core"],"outputs":["./target/wasm-gc/debug/test/1/1.whitebox_test.wasm"]}
{"command":"moonc build-package ./1/lib.mbt ./1/x.wasm-gc.mbt ./1/x_wbtest.wasm-gc.mbt ./target/wasm-gc/debug/test/1/__generated_driver_for_whitebox_test.mbt -o ./target/wasm-gc/debug/test/1/1.whitebox_test.core -pkg moonbitlang/core/1 -is-main -pkg-sources moonbitlang/core/1:./1 -target wasm-gc -g -O0 -source-map -whitebox-test -no-mi -test-mode -workspace-path .","inputs":["./1/lib.mbt","./1/x.wasm-gc.mbt","./1/x_wbtest.wasm-gc.mbt","./target/wasm-gc/debug/test/1/__generated_driver_for_whitebox_test.mbt"],"outputs":["./target/wasm-gc/debug/test/1/1.whitebox_test.core"]}
{"command":"/home/rynco/Projects/moonbuild-forks/working/target/debug/moon generate-test-driver --output-driver ./target/wasm-gc/debug/test/1/__generated_driver_for_whitebox_test.mbt --output-metadata ./target/wasm-gc/debug/test/1/__whitebox_test_info.json ./1/x_wbtest.wasm-gc.mbt --target wasm-gc --pkg-name moonbitlang/core/1 --driver-kind whitebox","inputs":["./1/x_wbtest.wasm-gc.mbt"],"outputs":["./target/wasm-gc/debug/test/1/__generated_driver_for_whitebox_test.mbt","./target/wasm-gc/debug/test/1/__whitebox_test_info.json"]}
{"command":"moonc link-core ./target/wasm-gc/debug/test/1/1.internal_test.core -main moonbitlang/core/1 -o ./target/wasm-gc/debug/test/1/1.internal_test.wasm -test-mode -pkg-config-path ./1/moon.pkg.json -pkg-sources moonbitlang/core/1:./1 -exported_functions moonbit_test_driver_internal_execute,moonbit_test_driver_finish -target wasm-gc -g -O0 -source-map","inputs":["./target/wasm-gc/debug/test/1/1.internal_test.core"],"outputs":["./target/wasm-gc/debug/test/1/1.internal_test.wasm"]}
{"command":"moonc build-package ./1/lib.mbt ./1/x.wasm-gc.mbt ./target/wasm-gc/debug/test/1/__generated_driver_for_internal_test.mbt -o ./target/wasm-gc/debug/test/1/1.internal_test.core -pkg moonbitlang/core/1 -is-main -pkg-sources moonbitlang/core/1:./1 -target wasm-gc -g -O0 -source-map -no-mi -test-mode -workspace-path .","inputs":["./1/lib.mbt","./1/x.wasm-gc.mbt","./target/wasm-gc/debug/test/1/__generated_driver_for_internal_test.mbt"],"outputs":["./target/wasm-gc/debug/test/1/1.internal_test.core"]}
{"command":"/home/rynco/Projects/moonbuild-forks/working/target/debug/moon generate-test-driver --output-driver ./target/wasm-gc/debug/test/1/__generated_driver_for_internal_test.mbt --output-metadata ./target/wasm-gc/debug/test/1/__internal_test_info.json ./1/lib.mbt ./1/x.wasm-gc.mbt --target wasm-gc --pkg-name moonbitlang/core/1 --driver-kind internal","inputs":["./1/lib.mbt","./1/x.wasm-gc.mbt"],"outputs":["./target/wasm-gc/debug/test/1/__generated_driver_for_internal_test.mbt","./target/wasm-gc/debug/test/1/__internal_test_info.json"]}
{"command":"moonc link-core ./target/wasm-gc/debug/test/prelude/prelude.core ./target/wasm-gc/debug/test/0/0.core ./target/wasm-gc/debug/test/0/0.blackbox_test.core -main moonbitlang/core/0_blackbox_test -o ./target/wasm-gc/debug/test/0/0.blackbox_test.wasm -test-mode -pkg-config-path ./0/moon.pkg.json -pkg-sources moonbitlang/core/prelude:./prelude -pkg-sources moonbitlang/core/0:./0 -pkg-sources moonbitlang/core/0_blackbox_test:./0 -exported_functions moonbit_test_driver_internal_execute,moonbit_test_driver_finish -target wasm-gc -g -O0 -source-map","inputs":["./target/wasm-gc/debug/test/prelude/prelude.core","./target/wasm-gc/debug/test/0/0.core","./target/wasm-gc/debug/test/0/0.blackbox_test.core"],"outputs":["./target/wasm-gc/debug/test/0/0.blackbox_test.wasm"]}
{"command":"moonc build-package ./target/wasm-gc/debug/test/0/__generated_driver_for_blackbox_test.mbt -doctest-only ./0/lib.mbt -doctest-only ./0/y.wasm-gc.mbt -o ./target/wasm-gc/debug/test/0/0.blackbox_test.core -pkg moonbitlang/core/0_blackbox_test -is-main -i ./target/wasm-gc/debug/test/0/0.mi:0 -i ./target/wasm-gc/debug/test/prelude/prelude.mi:prelude -pkg-sources moonbitlang/core/0_blackbox_test:./0 -target wasm-gc -g -O0 -source-map -blackbox-test -include-doctests -no-mi -test-mode -workspace-path .","inputs":["./target/wasm-gc/debug/test/0/__generated_driver_for_blackbox_test.mbt","./0/lib.mbt","./0/y.wasm-gc.mbt","./target/wasm-gc/debug/test/0/0.mi","./target/wasm-gc/debug/test/prelude/prelude.mi"],"outputs":["./target/wasm-gc/debug/test/0/0.blackbox_test.core"]}
{"command":"moonc build-package ./0/lib.mbt ./0/y.wasm-gc.mbt -o ./target/wasm-gc/debug/test/0/0.core -pkg moonbitlang/core/0 -pkg-sources moonbitlang/core/0:./0 -target wasm-gc -g -O0 -source-map -workspace-path .","inputs":["./0/lib.mbt","./0/y.wasm-gc.mbt"],"outputs":["./target/wasm-gc/debug/test/0/0.core","./target/wasm-gc/debug/test/0/0.mi"]}
{"command":"/home/rynco/Projects/moonbuild-forks/working/target/debug/moon generate-test-driver --output-driver ./target/wasm-gc/debug/test/0/__generated_driver_for_blackbox_test.mbt --output-metadata ./target/wasm-gc/debug/test/0/__blackbox_test_info.json --doctest-only ./0/lib.mbt --doctest-only ./0/y.wasm-gc.mbt --target wasm-gc --pkg-name moonbitlang/core/0 --driver-kind blackbox","inputs":["./0/lib.mbt","./0/y.wasm-gc.mbt"],"outputs":["./target/wasm-gc/debug/test/0/__generated_driver_for_blackbox_test.mbt","./target/wasm-gc/debug/test/0/__blackbox_test_info.json"]}
{"command":"moonc link-core ./target/wasm-gc/debug/test/0/0.whitebox_test.core -main moonbitlang/core/0 -o ./target/wasm-gc/debug/test/0/0.whitebox_test.wasm -test-mode -pkg-config-path ./0/moon.pkg.json -pkg-sources moonbitlang/core/0:./0 -exported_functions moonbit_test_driver_internal_execute,moonbit_test_driver_finish -target wasm-gc -g -O0 -source-map","inputs":["./target/wasm-gc/debug/test/0/0.whitebox_test.core"],"outputs":["./target/wasm-gc/debug/test/0/0.whitebox_test.wasm"]}
{"command":"moonc build-package ./0/lib.mbt ./0/y.wasm-gc.mbt ./0/y_wbtest.mbt ./0/y_wbtest.wasm-gc.mbt ./target/wasm-gc/debug/test/0/__generated_driver_for_whitebox_test.mbt -o ./target/wasm-gc/debug/test/0/0.whitebox_test.core -pkg moonbitlang/core/0 -is-main -pkg-sources moonbitlang/core/0:./0 -target wasm-gc -g -O0 -source-map -whitebox-test -no-mi -test-mode -workspace-path .","inputs":["./0/lib.mbt","./0/y.wasm-gc.mbt","./0/y_wbtest.mbt","./0/y_wbtest.wasm-gc.mbt","./target/wasm-gc/debug/test/0/__generated_driver_for_whitebox_test.mbt"],"outputs":["./target/wasm-gc/debug/test/0/0.whitebox_test.core"]}
{"command":"/home/rynco/Projects/moonbuild-forks/working/target/debug/moon generate-test-driver --output-driver ./target/wasm-gc/debug/test/0/__generated_driver_for_whitebox_test.mbt --output-metadata ./target/wasm-gc/debug/test/0/__whitebox_test_info.json ./0/y_wbtest.mbt ./0/y_wbtest.wasm-gc.mbt --target wasm-gc --pkg-name moonbitlang/core/0 --driver-kind whitebox","inputs":["./0/y_wbtest.mbt","./0/y_wbtest.wasm-gc.mbt"],"outputs":["./target/wasm-gc/debug/test/0/__generated_driver_for_whitebox_test.mbt","./target/wasm-gc/debug/test/0/__whitebox_test_info.json"]}
{"command":"moonc link-core ./target/wasm-gc/debug/test/0/0.internal_test.core -main moonbitlang/core/0 -o ./target/wasm-gc/debug/test/0/0.internal_test.wasm -test-mode -pkg-config-path ./0/moon.pkg.json -pkg-sources moonbitlang/core/0:./0 -exported_functions moonbit_test_driver_internal_execute,moonbit_test_driver_finish -target wasm-gc -g -O0 -source-map","inputs":["./target/wasm-gc/debug/test/0/0.internal_test.core"],"outputs":["./target/wasm-gc/debug/test/0/0.internal_test.wasm"]}
{"command":"moonc build-package ./0/lib.mbt ./0/y.wasm-gc.mbt ./target/wasm-gc/debug/test/0/__generated_driver_for_internal_test.mbt -o ./target/wasm-gc/debug/test/0/0.internal_test.core -pkg moonbitlang/core/0 -is-main -pkg-sources moonbitlang/core/0:./0 -target wasm-gc -g -O0 -source-map -no-mi -test-mode -workspace-path .","inputs":["./0/lib.mbt","./0/y.wasm-gc.mbt","./target/wasm-gc/debug/test/0/__generated_driver_for_internal_test.mbt"],"outputs":["./target/wasm-gc/debug/test/0/0.internal_test.core"]}
{"command":"/home/rynco/Projects/moonbuild-forks/working/target/debug/moon generate-test-driver --output-driver ./target/wasm-gc/debug/test/0/__generated_driver_for_internal_test.mbt --output-metadata ./target/wasm-gc/debug/test/0/__internal_test_info.json ./0/lib.mbt ./0/y.wasm-gc.mbt --target wasm-gc --pkg-name moonbitlang/core/0 --driver-kind internal","inputs":["./0/lib.mbt","./0/y.wasm-gc.mbt"],"outputs":["./target/wasm-gc/debug/test/0/__generated_driver_for_internal_test.mbt","./target/wasm-gc/debug/test/0/__internal_test_info.json"]}
